// Jest Snapshot v1, https://goo.gl/fbAQLP

exports[`<Movies /> should match the snapshot 1`] = `"<div class=\\"movie\\"><div class=\\"movie__wrapper\\" id=\\"movie-619592\\"><div class=\\"movie__wrapper__content\\"><div class=\\"movie__wrapper__image\\"><img src=\\"https://image.tmdb.org/t/p/original/ucktgbaMSaETUDLUBp1ubGD6aNj.jpg\\" alt=\\"movie_poster\\"></div><div class=\\"movie__wrapper__body\\"><div class=\\"movie__wrapper__meta\\"><h2>Test title (2020)</h2><p>Test overview</p></div><div class=\\"movie__wrapper__footer\\"><div><h3 class=\\"font-bold\\">Action</h3></div><div><h3 class=\\"font-bold text-right\\">5 / 10</h3></div></div></div></div></div><div class=\\"movie__details movie__details--inactive\\"><div class=\\"movie__details__menu\\"><ul><li data-id=\\"overview\\" class=\\"movie__details__menu--selected\\">Overview</li><li data-id=\\"reviews\\">Reviews</li><li data-id=\\"similar\\">Similar Movies</li></ul></div></div></div>"`;
